[2026-08-19T15:21:37.695+0000] {taskinstance.py:1956} INFO - Dependencies all met for dep_context=non-requeueable deps ti=<TaskInstance: setup_pagila_sakila.load_pagila_data manual__2026-08-19T12:58:01.583195+00:00 [queued]>
[2026-08-19T15:21:37.704+0000] {taskinstance.py:1956} INFO - Dependencies all met for dep_context=requeueable deps ti=<TaskInstance: setup_pagila_sakila.load_pagila_data manual__2026-08-19T12:58:01.583195+00:00 [queued]>
[2026-08-19T15:21:37.705+0000] {taskinstance.py:2170} INFO - Starting attempt 5 of 6
[2026-08-19T15:21:37.717+0000] {taskinstance.py:2191} INFO - Executing <Task(_PythonDecoratedOperator): load_pagila_data> on 2026-08-19 12:58:01.583195+00:00
[2026-08-19T15:21:37.722+0000] {standard_task_runner.py:60} INFO - Started process 1266 to run task
[2026-08-19T15:21:37.725+0000] {standard_task_runner.py:87} INFO - Running: ['***', 'tasks', 'run', 'setup_pagila_sakila', 'load_pagila_data', 'manual__2026-08-19T12:58:01.583195+00:00', '--job-id', '39', '--raw', '--subdir', 'DAGS_FOLDER/setup_pagila_sakila.py', '--cfg-path', '/tmp/tmpiuckev93']
[2026-08-19T15:21:37.728+0000] {standard_task_runner.py:88} INFO - Job 39: Subtask load_pagila_data
[2026-08-19T15:21:37.793+0000] {task_command.py:423} INFO - Running <TaskInstance: setup_pagila_sakila.load_pagila_data manual__2026-08-19T12:58:01.583195+00:00 [running]> on host e598202c16f5
[2026-08-19T15:21:37.860+0000] {taskinstance.py:2480} INFO - Exporting env vars: AIRFLOW_CTX_DAG_OWNER='z10n' AIRFLOW_CTX_DAG_ID='setup_pagila_sakila' AIRFLOW_CTX_TASK_ID='load_pagila_data' AIRFLOW_CTX_EXECUTION_DATE='2026-08-19T12:58:01.583195+00:00' AIRFLOW_CTX_TRY_NUMBER='5' AIRFLOW_CTX_DAG_RUN_ID='manual__2026-08-19T12:58:01.583195+00:00'
[2026-08-19T15:21:37.863+0000] {taskinstance.py:2698} ERROR - Task failed with exception
Traceback (most recent call last):
  File "/home/airflow/.local/lib/python3.8/site-packages/airflow/models/taskinstance.py", line 433, in _execute_task
    result = execute_callable(context=context, **execute_callable_kwargs)
  File "/home/airflow/.local/lib/python3.8/site-packages/airflow/decorators/base.py", line 241, in execute
    return_value = super().execute(context)
  File "/home/airflow/.local/lib/python3.8/site-packages/airflow/operators/python.py", line 199, in execute
    return_value = self.execute_callable()
  File "/home/airflow/.local/lib/python3.8/site-packages/airflow/operators/python.py", line 216, in execute_callable
    return self.python_callable(*self.op_args, **self.op_kwargs)
  File "/opt/airflow/dags/setup_pagila_sakila.py", line 69, in load_pagila_data
    sql_content = sql_path.read_text(encoding="utf-8")
  File "/usr/local/lib/python3.8/pathlib.py", line 1236, in read_text
    with self.open(mode='r', encoding=encoding, errors=errors) as f:
  File "/usr/local/lib/python3.8/pathlib.py", line 1222, in open
    return io.open(self, mode, buffering, encoding, errors, newline,
  File "/usr/local/lib/python3.8/pathlib.py", line 1078, in _opener
    return self._accessor.open(self, flags, mode)
FileNotFoundError: [Errno 2] No such file or directory: '/opt/airflow/data/pagila-data.sql'
[2026-08-19T15:21:37.873+0000] {taskinstance.py:1138} INFO - Marking task as UP_FOR_RETRY. dag_id=setup_pagila_sakila, task_id=load_pagila_data, execution_date=20260819T125801, start_date=20260819T152137, end_date=20260819T152137
[2026-08-19T15:21:37.883+0000] {standard_task_runner.py:107} ERROR - Failed to execute job 39 for task load_pagila_data ([Errno 2] No such file or directory: '/opt/airflow/data/pagila-data.sql'; 1266)
[2026-08-19T15:21:37.899+0000] {local_task_job_runner.py:234} INFO - Task exited with return code 1
[2026-08-19T15:21:37.912+0000] {taskinstance.py:3280} INFO - 0 downstream tasks scheduled from follow-on schedule check
