[2026-08-19T13:10:49.042+0000] {taskinstance.py:1956} INFO - Dependencies all met for dep_context=non-requeueable deps ti=<TaskInstance: setup_pagila_sakila.create_pagila_database manual__2026-08-19T12:58:01.583195+00:00 [queued]>
[2026-08-19T13:10:49.050+0000] {taskinstance.py:1956} INFO - Dependencies all met for dep_context=requeueable deps ti=<TaskInstance: setup_pagila_sakila.create_pagila_database manual__2026-08-19T12:58:01.583195+00:00 [queued]>
[2026-08-19T13:10:49.051+0000] {taskinstance.py:2170} INFO - Starting attempt 4 of 4
[2026-08-19T13:10:49.062+0000] {taskinstance.py:2191} INFO - Executing <Task(_PythonDecoratedOperator): create_pagila_database> on 2026-08-19 12:58:01.583195+00:00
[2026-08-19T13:10:49.067+0000] {standard_task_runner.py:60} INFO - Started process 226 to run task
[2026-08-19T13:10:49.071+0000] {standard_task_runner.py:87} INFO - Running: ['***', 'tasks', 'run', 'setup_pagila_sakila', 'create_pagila_database', 'manual__2026-08-19T12:58:01.583195+00:00', '--job-id', '17', '--raw', '--subdir', 'DAGS_FOLDER/setup_pagila_sakila.py', '--cfg-path', '/tmp/tmp6ghz6azk']
[2026-08-19T13:10:49.073+0000] {standard_task_runner.py:88} INFO - Job 17: Subtask create_pagila_database
[2026-08-19T13:10:49.133+0000] {task_command.py:423} INFO - Running <TaskInstance: setup_pagila_sakila.create_pagila_database manual__2026-08-19T12:58:01.583195+00:00 [running]> on host 6a0c4989d770
[2026-08-19T13:10:49.200+0000] {taskinstance.py:2480} INFO - Exporting env vars: AIRFLOW_CTX_DAG_OWNER='z10n' AIRFLOW_CTX_DAG_ID='setup_pagila_sakila' AIRFLOW_CTX_TASK_ID='create_pagila_database' AIRFLOW_CTX_EXECUTION_DATE='2026-08-19T12:58:01.583195+00:00' AIRFLOW_CTX_TRY_NUMBER='4' AIRFLOW_CTX_DAG_RUN_ID='manual__2026-08-19T12:58:01.583195+00:00'
[2026-08-19T13:10:49.216+0000] {base.py:83} INFO - Using connection ID 'postgres_default' for task execution.
[2026-08-19T13:10:49.221+0000] {taskinstance.py:2698} ERROR - Task failed with exception
Traceback (most recent call last):
  File "/home/airflow/.local/lib/python3.8/site-packages/airflow/models/taskinstance.py", line 433, in _execute_task
    result = execute_callable(context=context, **execute_callable_kwargs)
  File "/home/airflow/.local/lib/python3.8/site-packages/airflow/decorators/base.py", line 241, in execute
    return_value = super().execute(context)
  File "/home/airflow/.local/lib/python3.8/site-packages/airflow/operators/python.py", line 199, in execute
    return_value = self.execute_callable()
  File "/home/airflow/.local/lib/python3.8/site-packages/airflow/operators/python.py", line 216, in execute_callable
    return self.python_callable(*self.op_args, **self.op_kwargs)
  File "/opt/airflow/dags/setup_pagila_sakila.py", line 45, in create_pagila_db
    cur.execute("CREATE DATABASE pagila;")
psycopg2.errors.DuplicateDatabase: database "pagila" already exists

[2026-08-19T13:10:49.228+0000] {taskinstance.py:1138} INFO - Marking task as FAILED. dag_id=setup_pagila_sakila, task_id=create_pagila_database, execution_date=20260819T125801, start_date=20260819T131049, end_date=20260819T131049
[2026-08-19T13:10:49.238+0000] {standard_task_runner.py:107} ERROR - Failed to execute job 17 for task create_pagila_database (database "pagila" already exists
; 226)
[2026-08-19T13:10:49.284+0000] {local_task_job_runner.py:234} INFO - Task exited with return code 1
[2026-08-19T13:10:49.303+0000] {taskinstance.py:3280} INFO - 0 downstream tasks scheduled from follow-on schedule check
