[2026-08-19T13:28:03.085+0000] {taskinstance.py:1956} INFO - Dependencies all met for dep_context=non-requeueable deps ti=<TaskInstance: setup_pagila_sakila.create_pagila_database manual__2026-08-19T12:58:01.583195+00:00 [queued]>
[2026-08-19T13:28:03.094+0000] {taskinstance.py:1956} INFO - Dependencies all met for dep_context=requeueable deps ti=<TaskInstance: setup_pagila_sakila.create_pagila_database manual__2026-08-19T12:58:01.583195+00:00 [queued]>
[2026-08-19T13:28:03.095+0000] {taskinstance.py:2170} INFO - Starting attempt 7 of 8
[2026-08-19T13:28:03.110+0000] {taskinstance.py:2191} INFO - Executing <Task(_PythonDecoratedOperator): create_pagila_database> on 2026-08-19 12:58:01.583195+00:00
[2026-08-19T13:28:03.117+0000] {standard_task_runner.py:60} INFO - Started process 250 to run task
[2026-08-19T13:28:03.125+0000] {standard_task_runner.py:87} INFO - Running: ['***', 'tasks', 'run', 'setup_pagila_sakila', 'create_pagila_database', 'manual__2026-08-19T12:58:01.583195+00:00', '--job-id', '21', '--raw', '--subdir', 'DAGS_FOLDER/setup_pagila_sakila.py', '--cfg-path', '/tmp/tmpb2f7xgh6']
[2026-08-19T13:28:03.132+0000] {standard_task_runner.py:88} INFO - Job 21: Subtask create_pagila_database
[2026-08-19T13:28:03.265+0000] {task_command.py:423} INFO - Running <TaskInstance: setup_pagila_sakila.create_pagila_database manual__2026-08-19T12:58:01.583195+00:00 [running]> on host 8ccade45207a
[2026-08-19T13:28:03.361+0000] {taskinstance.py:2480} INFO - Exporting env vars: AIRFLOW_CTX_DAG_OWNER='z10n' AIRFLOW_CTX_DAG_ID='setup_pagila_sakila' AIRFLOW_CTX_TASK_ID='create_pagila_database' AIRFLOW_CTX_EXECUTION_DATE='2026-08-19T12:58:01.583195+00:00' AIRFLOW_CTX_TRY_NUMBER='7' AIRFLOW_CTX_DAG_RUN_ID='manual__2026-08-19T12:58:01.583195+00:00'
[2026-08-19T13:28:03.378+0000] {base.py:83} INFO - Using connection ID 'postgres_default' for task execution.
[2026-08-19T13:28:03.389+0000] {taskinstance.py:2698} ERROR - Task failed with exception
Traceback (most recent call last):
  File "/home/airflow/.local/lib/python3.8/site-packages/airflow/models/taskinstance.py", line 433, in _execute_task
    result = execute_callable(context=context, **execute_callable_kwargs)
  File "/home/airflow/.local/lib/python3.8/site-packages/airflow/decorators/base.py", line 241, in execute
    return_value = super().execute(context)
  File "/home/airflow/.local/lib/python3.8/site-packages/airflow/operators/python.py", line 199, in execute
    return_value = self.execute_callable()
  File "/home/airflow/.local/lib/python3.8/site-packages/airflow/operators/python.py", line 216, in execute_callable
    return self.python_callable(*self.op_args, **self.op_kwargs)
  File "/opt/airflow/dags/setup_pagila_sakila.py", line 45, in create_pagila_db
    cur.execute("CREATE DATABASE pagila;")
psycopg2.errors.DuplicateDatabase: database "pagila" already exists

[2026-08-19T13:28:03.403+0000] {taskinstance.py:1138} INFO - Marking task as UP_FOR_RETRY. dag_id=setup_pagila_sakila, task_id=create_pagila_database, execution_date=20260819T125801, start_date=20260819T132803, end_date=20260819T132803
[2026-08-19T13:28:03.415+0000] {standard_task_runner.py:107} ERROR - Failed to execute job 21 for task create_pagila_database (database "pagila" already exists
; 250)
[2026-08-19T13:28:03.458+0000] {local_task_job_runner.py:234} INFO - Task exited with return code 1
[2026-08-19T13:28:03.477+0000] {taskinstance.py:3280} INFO - 0 downstream tasks scheduled from follow-on schedule check
