[2026-08-19T12:44:53.480+0000] {taskinstance.py:1956} INFO - Dependencies all met for dep_context=non-requeueable deps ti=<TaskInstance: setup_pagila_sakila.create_sakila_database manual__2026-08-19T12:44:52.138619+00:00 [queued]>
[2026-08-19T12:44:53.495+0000] {taskinstance.py:1956} INFO - Dependencies all met for dep_context=requeueable deps ti=<TaskInstance: setup_pagila_sakila.create_sakila_database manual__2026-08-19T12:44:52.138619+00:00 [queued]>
[2026-08-19T12:44:53.496+0000] {taskinstance.py:2170} INFO - Starting attempt 1 of 2
[2026-08-19T12:44:53.509+0000] {taskinstance.py:2191} INFO - Executing <Task(_PythonDecoratedOperator): create_sakila_database> on 2026-08-19 12:44:52.138619+00:00
[2026-08-19T12:44:53.515+0000] {standard_task_runner.py:60} INFO - Started process 233 to run task
[2026-08-19T12:44:53.521+0000] {standard_task_runner.py:87} INFO - Running: ['***', 'tasks', 'run', 'setup_pagila_sakila', 'create_sakila_database', 'manual__2026-08-19T12:44:52.138619+00:00', '--job-id', '4', '--raw', '--subdir', 'DAGS_FOLDER/setup_pagila_sakila.py', '--cfg-path', '/tmp/tmp3tt7kxmt']
[2026-08-19T12:44:53.525+0000] {standard_task_runner.py:88} INFO - Job 4: Subtask create_sakila_database
[2026-08-19T12:44:53.599+0000] {task_command.py:423} INFO - Running <TaskInstance: setup_pagila_sakila.create_sakila_database manual__2026-08-19T12:44:52.138619+00:00 [running]> on host 6a0c4989d770
[2026-08-19T12:44:53.690+0000] {taskinstance.py:2480} INFO - Exporting env vars: AIRFLOW_CTX_DAG_OWNER='z10n' AIRFLOW_CTX_DAG_ID='setup_pagila_sakila' AIRFLOW_CTX_TASK_ID='create_sakila_database' AIRFLOW_CTX_EXECUTION_DATE='2026-08-19T12:44:52.138619+00:00' AIRFLOW_CTX_TRY_NUMBER='1' AIRFLOW_CTX_DAG_RUN_ID='manual__2026-08-19T12:44:52.138619+00:00'
[2026-08-19T12:44:53.713+0000] {taskinstance.py:2698} ERROR - Task failed with exception
Traceback (most recent call last):
  File "/home/airflow/.local/lib/python3.8/site-packages/airflow/models/taskinstance.py", line 433, in _execute_task
    result = execute_callable(context=context, **execute_callable_kwargs)
  File "/home/airflow/.local/lib/python3.8/site-packages/airflow/decorators/base.py", line 241, in execute
    return_value = super().execute(context)
  File "/home/airflow/.local/lib/python3.8/site-packages/airflow/operators/python.py", line 199, in execute
    return_value = self.execute_callable()
  File "/home/airflow/.local/lib/python3.8/site-packages/airflow/operators/python.py", line 216, in execute_callable
    return self.python_callable(*self.op_args, **self.op_kwargs)
  File "/opt/airflow/dags/setup_pagila_sakila.py", line 75, in create_sakila_db
    conn = hook.get_conn()
  File "/home/airflow/.local/lib/python3.8/site-packages/airflow/providers/postgres/hooks/postgres.py", line 128, in get_conn
    conn = deepcopy(self.connection or self.get_connection(conn_id))
  File "/home/airflow/.local/lib/python3.8/site-packages/airflow/hooks/base.py", line 82, in get_connection
    conn = Connection.get_connection_from_secrets(conn_id)
  File "/home/airflow/.local/lib/python3.8/site-packages/airflow/models/connection.py", line 479, in get_connection_from_secrets
    raise AirflowNotFoundException(f"The conn_id `{conn_id}` isn't defined")
airflow.exceptions.AirflowNotFoundException: The conn_id `postgres_default` isn't defined
[2026-08-19T12:44:53.718+0000] {taskinstance.py:1138} INFO - Marking task as UP_FOR_RETRY. dag_id=setup_pagila_sakila, task_id=create_sakila_database, execution_date=20260819T124452, start_date=20260819T124453, end_date=20260819T124453
[2026-08-19T12:44:53.740+0000] {standard_task_runner.py:107} ERROR - Failed to execute job 4 for task create_sakila_database (The conn_id `postgres_default` isn't defined; 233)
[2026-08-19T12:44:53.778+0000] {local_task_job_runner.py:234} INFO - Task exited with return code 1
[2026-08-19T12:44:53.800+0000] {taskinstance.py:3280} INFO - 0 downstream tasks scheduled from follow-on schedule check
