[0m08:03:20.464279 [debug] [MainThread]: Sending event: {'category': 'dbt', 'action': 'invocation', 'label': 'start', 'context': [<snowplow_tracker.self_describing_json.SelfDescribingJson object at 0x000001EC69AD1070>, <snowplow_tracker.self_describing_json.SelfDescribingJson object at 0x000001EC6A690F20>, <snowplow_tracker.self_describing_json.SelfDescribingJson object at 0x000001EC6A5F9E80>]}


============================== 08:03:20.464279 | 9abe0080-cbad-491c-8fa9-b255a41f5706 ==============================
[0m08:03:20.464279 [info ] [MainThread]: Running with dbt=1.12.3
[0m08:03:20.464279 [debug] [MainThread]: running dbt with arguments {'maximum_seed_size_mib': '1', 'no_print': 'None', 'static_parser': 'True', 'warn_error_options': 'WarnErrorOptionsV2(error=[], warn=[], silence=[])', 'target_path': 'None', 'version_check': 'True', 'printer_width': '80', 'write_json': 'True', 'empty': 'None', 'log_cache_events': 'False', 'introspect': 'True', 'cache_selected_only': 'False', 'fail_fast': 'False', 'debug': 'False', 'log_format': 'default', 'profiles_dir': 'C:\\Users\\Пользователь\\.dbt', 'send_anonymous_usage_stats': 'True', 'quiet': 'False', 'warn_error': 'None', 'partial_parse': 'True', 'indirect_selection': 'eager', 'hints_enabled': 'True', 'invocation_command': 'dbt init dbt_transform', 'use_experimental_parser': 'False', 'use_colors': 'True', 'log_path': 'logs'}
[0m08:03:20.497580 [info ] [MainThread]: Creating dbt configuration folder at C:\Users\Пользователь\.dbt
[0m08:03:20.497580 [debug] [MainThread]: Starter project path: C:\Python312\Lib\site-packages\dbt\include\starter_project
[0m08:03:20.531231 [info ] [MainThread]: Setting up your profile.
[0m08:03:55.414670 [debug] [MainThread]: Snowflake adapter: Setting snowflake.connector to ERROR (file logging only)
[0m08:03:55.414670 [debug] [MainThread]: Snowflake adapter: Setting botocore to ERROR (file logging only)
[0m08:03:55.414670 [debug] [MainThread]: Snowflake adapter: Setting boto3 to ERROR (file logging only)
[0m08:05:47.666050 [info ] [MainThread]: Profile dbt_transform written to C:\Users\Пользователь\.dbt\profiles.yml using target's profile_template.yml and your supplied values.
[0m08:05:47.675598 [info ] [MainThread]: Running dbt debug to validate the project...
[0m08:05:47.676513 [info ] [MainThread]: dbt version: 1.12.3
[0m08:05:47.676513 [info ] [MainThread]: python version: 3.12.10
[0m08:05:47.676513 [info ] [MainThread]: python path: C:\Python312\python.exe
[0m08:05:47.676513 [info ] [MainThread]: os info: Windows-11-10.0.26200-SP0
[0m08:05:47.744829 [info ] [MainThread]: Using profiles dir at C:\Users\Пользователь\.dbt
[0m08:05:47.744829 [info ] [MainThread]: Using profiles.yml file at C:\Users\Пользователь\.dbt\profiles.yml
[0m08:05:47.744829 [info ] [MainThread]: Using dbt_project.yml file at C:\Users\Пользователь\projects\sada-pagila-sakila\dbt_transform\dbt_project.yml
[0m08:05:47.744829 [info ] [MainThread]: adapter type: snowflake
[0m08:05:47.744829 [info ] [MainThread]: adapter version: 1.12.0
[0m08:05:47.928991 [info ] [MainThread]: Configuration:
[0m08:05:47.928991 [info ] [MainThread]:   profiles.yml file [[32mOK found and valid[0m]
[0m08:05:47.928991 [info ] [MainThread]:   dbt_project.yml file [[32mOK found and valid[0m]
[0m08:05:47.928991 [info ] [MainThread]: Required dependencies:
[0m08:05:47.928991 [debug] [MainThread]: Executing "git --help"
[0m08:05:47.994238 [debug] [MainThread]: STDOUT: "b"usage: git [-v | --version] [-h | --help] [-C <path>] [-c <name>=<value>]\n           [--exec-path[=<path>]] [--html-path] [--man-path] [--info-path]\n           [-p | --paginate | -P | --no-pager] [--no-replace-objects] [--no-lazy-fetch]\n           [--no-optional-locks] [--no-advice] [--bare] [--git-dir=<path>]\n           [--work-tree=<path>] [--namespace=<name>] [--config-env=<name>=<envvar>]\n           <command> [<args>]\n\nThese are common Git commands used in various situations:\n\nstart a working area (see also: git help tutorial)\n   clone      Clone a repository into a new directory\n   init       Create an empty Git repository or reinitialize an existing one\n\nwork on the current change (see also: git help everyday)\n   add        Add file contents to the index\n   mv         Move or rename a file, a directory, or a symlink\n   restore    Restore working tree files\n   rm         Remove files from the working tree and from the index\n\nexamine the history and state (see also: git help revisions)\n   bisect     Use binary search to find the commit that introduced a bug\n   diff       Show changes between commits, commit and working tree, etc\n   grep       Print lines matching a pattern\n   log        Show commit logs\n   show       Show various types of objects\n   status     Show the working tree status\n\ngrow, mark and tweak your common history\n   backfill   Download missing objects in a partial clone\n   branch     List, create, or delete branches\n   commit     Record changes to the repository\n   history    EXPERIMENTAL: Rewrite history\n   merge      Join two or more development histories together\n   rebase     Reapply commits on top of another base tip\n   reset      Set `HEAD` or the index to a known state\n   switch     Switch branches\n   tag        Create, list, delete or verify tags\n\ncollaborate (see also: git help workflows)\n   fetch      Download objects and refs from another repository\n   pull       Fetch from and integrate with another repository or a local branch\n   push       Update remote refs along with associated objects\n\n'git help -a' and 'git help -g' list available subcommands and some\nconcept guides. See 'git help <command>' or 'git help <concept>'\nto read about a specific subcommand or concept.\nSee 'git help git' for an overview of the system.\n""
[0m08:05:47.994799 [debug] [MainThread]: STDERR: "b''"
[0m08:05:47.995354 [info ] [MainThread]:  - git [[32mOK found[0m]

[0m08:05:47.995354 [info ] [MainThread]: Connection:
[0m08:05:47.995932 [info ] [MainThread]:   account: dpc54679.us-east-1.snowflakecomputing.com
[0m08:05:47.996477 [info ] [MainThread]:   user: Z10N
[0m08:05:47.997018 [info ] [MainThread]:   database: RAW_DB
[0m08:05:47.997018 [info ] [MainThread]:   warehouse: AIRBYTE_WH
[0m08:05:47.997571 [info ] [MainThread]:   role: ACCOUNTADMIN
[0m08:05:47.998109 [info ] [MainThread]:   schema: dbt_dev
[0m08:05:47.998651 [info ] [MainThread]:   authenticator: None
[0m08:05:47.998651 [info ] [MainThread]:   oauth_client_id: None
[0m08:05:47.999193 [info ] [MainThread]:   query_tag: None
[0m08:05:47.999757 [info ] [MainThread]:   client_session_keep_alive: False
[0m08:05:48.000299 [info ] [MainThread]:   host: None
[0m08:05:48.000299 [info ] [MainThread]:   port: None
[0m08:05:48.000841 [info ] [MainThread]:   proxy_host: None
[0m08:05:48.001393 [info ] [MainThread]:   proxy_port: None
[0m08:05:48.001393 [info ] [MainThread]:   protocol: None
[0m08:05:48.001926 [info ] [MainThread]:   connect_retries: 1
[0m08:05:48.002472 [info ] [MainThread]:   connect_timeout: None
[0m08:05:48.002472 [info ] [MainThread]:   retry_on_database_errors: False
[0m08:05:48.003016 [info ] [MainThread]:   retry_all: False
[0m08:05:48.003561 [info ] [MainThread]:   insecure_mode: False
[0m08:05:48.003561 [info ] [MainThread]:   reuse_connections: True
[0m08:05:48.004106 [info ] [MainThread]:   s3_stage_vpce_dns_name: None
[0m08:05:48.004646 [info ] [MainThread]:   workload_identity_provider: None
[0m08:05:48.004646 [info ] [MainThread]:   workload_identity_entra_resource: None
[0m08:05:48.004646 [info ] [MainThread]:   platform_detection_timeout_seconds: 0.0
[0m08:05:48.004646 [info ] [MainThread]: Registered adapter: snowflake=1.12.0
[0m08:05:48.508688 [debug] [MainThread]: Acquiring new snowflake connection 'debug'
[0m08:05:48.508688 [debug] [MainThread]: Using snowflake connection "debug"
[0m08:05:48.508688 [debug] [MainThread]: On debug: select 1 as id
[0m08:05:48.508688 [debug] [MainThread]: Opening a new connection, currently in state init
[0m08:05:51.406200 [debug] [MainThread]: Snowflake adapter: Error running SQL: select 1 as id
[0m08:05:51.406200 [debug] [MainThread]: Snowflake adapter: Rolling back transaction.
[0m08:05:51.406200 [info ] [MainThread]:   Connection test: [[31mERROR[0m]

[0m08:05:51.406200 [info ] [MainThread]: [31m1 check failed:[0m
[0m08:05:51.406200 [info ] [MainThread]: dbt was unable to connect to the specified database.
The database returned the following error:

  >Database Error
  250001: Could not connect to Snowflake backend after 2 attempt(s).Aborting
  Verify that the hostnames and port numbers in SYSTEM$ALLOWLIST are added to your firewall's allowed list.
  To further troubleshoot your connection you may reference the following article: https://docs.snowflake.com/en/user-guide/client-connectivity-troubleshooting/overview.

Check your database credentials and try again. For more information, visit:
https://docs.getdbt.com/docs/configure-your-profile


[0m08:05:51.406200 [info ] [MainThread]: Your new dbt project "dbt_transform" was created!
Initialized new project in C:\Users\Пользователь\projects\sada-pagila-sakila\dbt_transform\dbt_transform

For more information on how to configure the profiles.yml file,
please consult the dbt documentation here:

  https://docs.getdbt.com/docs/configure-your-profile

One more thing:

Need help? Don't hesitate to reach out to us via GitHub issues or on Slack:

  https://community.getdbt.com/

Happy modeling!

[0m08:05:51.421006 [info ] [MainThread]: [31mYour profile may need adjustments. You can find the logs of `dbt debug` above[0m
[0m08:05:51.422056 [debug] [MainThread]: Command `dbt init` succeeded at 08:05:51.422056 after 151.10 seconds
[0m08:05:51.422056 [debug] [MainThread]: Connection 'debug' was left open.
[0m08:05:51.423018 [debug] [MainThread]: On debug: No close available on handle
[0m08:05:51.423894 [debug] [MainThread]: Sending event: {'category': 'dbt', 'action': 'invocation', 'label': 'end', 'context': [<snowplow_tracker.self_describing_json.SelfDescribingJson object at 0x000001EC6829A6F0>, <snowplow_tracker.self_describing_json.SelfDescribingJson object at 0x000001EC6A4D6A50>, <snowplow_tracker.self_describing_json.SelfDescribingJson object at 0x000001EC7FA44FB0>]}
[0m08:05:51.423894 [debug] [MainThread]: Flushing usage events
[0m08:05:52.342012 [debug] [MainThread]: An error was encountered while trying to flush usage events
[0m08:10:13.145861 [debug] [MainThread]: Sending event: {'category': 'dbt', 'action': 'invocation', 'label': 'start', 'context': [<snowplow_tracker.self_describing_json.SelfDescribingJson object at 0x00000123238324B0>, <snowplow_tracker.self_describing_json.SelfDescribingJson object at 0x0000012323832EA0>, <snowplow_tracker.self_describing_json.SelfDescribingJson object at 0x0000012323833920>]}


============================== 08:10:13.145861 | fe31762a-eddd-4049-b9bb-18ec7b2deb9a ==============================
[0m08:10:13.145861 [info ] [MainThread]: Running with dbt=1.12.3
[0m08:10:13.145861 [debug] [MainThread]: running dbt with arguments {'maximum_seed_size_mib': '1', 'no_print': 'None', 'version_check': 'True', 'target_path': 'None', 'warn_error_options': 'WarnErrorOptionsV2(error=[], warn=[], silence=[])', 'static_parser': 'True', 'printer_width': '80', 'write_json': 'True', 'empty': 'None', 'log_cache_events': 'False', 'introspect': 'True', 'cache_selected_only': 'False', 'fail_fast': 'False', 'debug': 'False', 'log_format': 'default', 'partial_parse': 'True', 'send_anonymous_usage_stats': 'True', 'quiet': 'False', 'warn_error': 'None', 'profiles_dir': 'C:\\Users\\Пользователь\\.dbt', 'invocation_command': 'dbt debug', 'hints_enabled': 'True', 'indirect_selection': 'eager', 'use_experimental_parser': 'False', 'use_colors': 'True', 'log_path': 'logs'}
[0m08:10:13.173672 [info ] [MainThread]: dbt version: 1.12.3
[0m08:10:13.175513 [info ] [MainThread]: python version: 3.12.10
[0m08:10:13.175513 [info ] [MainThread]: python path: C:\Python312\python.exe
[0m08:10:13.176518 [info ] [MainThread]: os info: Windows-11-10.0.26200-SP0
[0m08:10:14.034275 [debug] [MainThread]: Snowflake adapter: Setting snowflake.connector to ERROR (file logging only)
[0m08:10:14.034275 [debug] [MainThread]: Snowflake adapter: Setting botocore to ERROR (file logging only)
[0m08:10:14.034275 [debug] [MainThread]: Snowflake adapter: Setting boto3 to ERROR (file logging only)
[0m08:10:14.187887 [info ] [MainThread]: Using profiles dir at C:\Users\Пользователь\.dbt
[0m08:10:14.187887 [info ] [MainThread]: Using profiles.yml file at C:\Users\Пользователь\.dbt\profiles.yml
[0m08:10:14.187887 [info ] [MainThread]: Using dbt_project.yml file at C:\Users\Пользователь\projects\sada-pagila-sakila\dbt_project.yml
[0m08:10:14.187887 [info ] [MainThread]: adapter type: snowflake
[0m08:10:14.191453 [info ] [MainThread]: adapter version: 1.12.0
[0m08:10:14.192474 [info ] [MainThread]: Configuration:
[0m08:10:14.192474 [info ] [MainThread]:   profiles.yml file [[32mOK found and valid[0m]
[0m08:10:14.192474 [info ] [MainThread]:   dbt_project.yml file [[31mERROR not found[0m]
[0m08:10:14.193803 [info ] [MainThread]: Required dependencies:
[0m08:10:14.193803 [debug] [MainThread]: Executing "git --help"
[0m08:10:14.243127 [debug] [MainThread]: STDOUT: "b"usage: git [-v | --version] [-h | --help] [-C <path>] [-c <name>=<value>]\n           [--exec-path[=<path>]] [--html-path] [--man-path] [--info-path]\n           [-p | --paginate | -P | --no-pager] [--no-replace-objects] [--no-lazy-fetch]\n           [--no-optional-locks] [--no-advice] [--bare] [--git-dir=<path>]\n           [--work-tree=<path>] [--namespace=<name>] [--config-env=<name>=<envvar>]\n           <command> [<args>]\n\nThese are common Git commands used in various situations:\n\nstart a working area (see also: git help tutorial)\n   clone      Clone a repository into a new directory\n   init       Create an empty Git repository or reinitialize an existing one\n\nwork on the current change (see also: git help everyday)\n   add        Add file contents to the index\n   mv         Move or rename a file, a directory, or a symlink\n   restore    Restore working tree files\n   rm         Remove files from the working tree and from the index\n\nexamine the history and state (see also: git help revisions)\n   bisect     Use binary search to find the commit that introduced a bug\n   diff       Show changes between commits, commit and working tree, etc\n   grep       Print lines matching a pattern\n   log        Show commit logs\n   show       Show various types of objects\n   status     Show the working tree status\n\ngrow, mark and tweak your common history\n   backfill   Download missing objects in a partial clone\n   branch     List, create, or delete branches\n   commit     Record changes to the repository\n   history    EXPERIMENTAL: Rewrite history\n   merge      Join two or more development histories together\n   rebase     Reapply commits on top of another base tip\n   reset      Set `HEAD` or the index to a known state\n   switch     Switch branches\n   tag        Create, list, delete or verify tags\n\ncollaborate (see also: git help workflows)\n   fetch      Download objects and refs from another repository\n   pull       Fetch from and integrate with another repository or a local branch\n   push       Update remote refs along with associated objects\n\n'git help -a' and 'git help -g' list available subcommands and some\nconcept guides. See 'git help <command>' or 'git help <concept>'\nto read about a specific subcommand or concept.\nSee 'git help git' for an overview of the system.\n""
[0m08:10:14.243127 [debug] [MainThread]: STDERR: "b''"
[0m08:10:14.243127 [info ] [MainThread]:  - git [[32mOK found[0m]

[0m08:10:14.243127 [info ] [MainThread]: Connection:
[0m08:10:14.243127 [info ] [MainThread]:   account: dpc54679.us-east-1
[0m08:10:14.243127 [info ] [MainThread]:   user: Z10N
[0m08:10:14.243127 [info ] [MainThread]:   database: RAW_DB
[0m08:10:14.243127 [info ] [MainThread]:   warehouse: AIRBYTE_WH
[0m08:10:14.243127 [info ] [MainThread]:   role: ACCOUNTADMIN
[0m08:10:14.243127 [info ] [MainThread]:   schema: dbt_dev
[0m08:10:14.249667 [info ] [MainThread]:   authenticator: None
[0m08:10:14.249667 [info ] [MainThread]:   oauth_client_id: None
[0m08:10:14.249667 [info ] [MainThread]:   query_tag: None
[0m08:10:14.249667 [info ] [MainThread]:   client_session_keep_alive: False
[0m08:10:14.249667 [info ] [MainThread]:   host: None
[0m08:10:14.249667 [info ] [MainThread]:   port: None
[0m08:10:14.249667 [info ] [MainThread]:   proxy_host: None
[0m08:10:14.249667 [info ] [MainThread]:   proxy_port: None
[0m08:10:14.249667 [info ] [MainThread]:   protocol: None
[0m08:10:14.249667 [info ] [MainThread]:   connect_retries: 1
[0m08:10:14.249667 [info ] [MainThread]:   connect_timeout: None
[0m08:10:14.249667 [info ] [MainThread]:   retry_on_database_errors: False
[0m08:10:14.249667 [info ] [MainThread]:   retry_all: False
[0m08:10:14.249667 [info ] [MainThread]:   insecure_mode: False
[0m08:10:14.249667 [info ] [MainThread]:   reuse_connections: True
[0m08:10:14.249667 [info ] [MainThread]:   s3_stage_vpce_dns_name: None
[0m08:10:14.249667 [info ] [MainThread]:   workload_identity_provider: None
[0m08:10:14.255432 [info ] [MainThread]:   workload_identity_entra_resource: None
[0m08:10:14.255432 [info ] [MainThread]:   platform_detection_timeout_seconds: 0.0
[0m08:10:14.255432 [info ] [MainThread]: Registered adapter: snowflake=1.12.0
[0m08:10:14.715419 [debug] [MainThread]: Acquiring new snowflake connection 'debug'
[0m08:10:14.724262 [debug] [MainThread]: Using snowflake connection "debug"
[0m08:10:14.725774 [debug] [MainThread]: On debug: select 1 as id
[0m08:10:14.725774 [debug] [MainThread]: Opening a new connection, currently in state init
[0m08:10:18.462481 [debug] [MainThread]: SQL status: SUCCESS 1 in 3.737 seconds
[0m08:10:18.462481 [info ] [MainThread]:   Connection test: [[32mOK connection ok[0m]

[0m08:10:18.462481 [info ] [MainThread]: [31m1 check failed:[0m
[0m08:10:18.462481 [info ] [MainThread]: Project loading failed for the following reason:
 project path <C:\Users\Пользователь\projects\sada-pagila-sakila\dbt_project.yml> not found

[0m08:10:18.462481 [debug] [MainThread]: Command `dbt debug` failed at 08:10:18.462481 after 5.53 seconds
[0m08:10:18.462481 [debug] [MainThread]: Connection 'debug' was left open.
[0m08:10:18.462481 [debug] [MainThread]: On debug: Close
[0m08:10:18.749650 [debug] [MainThread]: Sending event: {'category': 'dbt', 'action': 'invocation', 'label': 'end', 'context': [<snowplow_tracker.self_describing_json.SelfDescribingJson object at 0x0000012321CC79E0>, <snowplow_tracker.self_describing_json.SelfDescribingJson object at 0x000001233AB34CB0>, <snowplow_tracker.self_describing_json.SelfDescribingJson object at 0x0000012323A53140>]}
[0m08:10:18.749650 [debug] [MainThread]: Flushing usage events
[0m08:10:19.619771 [debug] [MainThread]: An error was encountered while trying to flush usage events
