[2026-08-19T12:54:04.634+0000] {taskinstance.py:1956} INFO - Dependencies all met for dep_context=non-requeueable deps ti=<TaskInstance: setup_pagila_sakila.load_pagila_schema manual__2026-08-19T12:44:52.138619+00:00 [queued]>
[2026-08-19T12:54:04.643+0000] {taskinstance.py:1956} INFO - Dependencies all met for dep_context=requeueable deps ti=<TaskInstance: setup_pagila_sakila.load_pagila_schema manual__2026-08-19T12:44:52.138619+00:00 [queued]>
[2026-08-19T12:54:04.643+0000] {taskinstance.py:2170} INFO - Starting attempt 1 of 2
[2026-08-19T12:54:04.655+0000] {taskinstance.py:2191} INFO - Executing <Task(_PythonDecoratedOperator): load_pagila_schema> on 2026-08-19 12:44:52.138619+00:00
[2026-08-19T12:54:04.660+0000] {standard_task_runner.py:60} INFO - Started process 332 to run task
[2026-08-19T12:54:04.663+0000] {standard_task_runner.py:87} INFO - Running: ['***', 'tasks', 'run', 'setup_pagila_sakila', 'load_pagila_schema', 'manual__2026-08-19T12:44:52.138619+00:00', '--job-id', '8', '--raw', '--subdir', 'DAGS_FOLDER/setup_pagila_sakila.py', '--cfg-path', '/tmp/tmphd79j59n']
[2026-08-19T12:54:04.665+0000] {standard_task_runner.py:88} INFO - Job 8: Subtask load_pagila_schema
[2026-08-19T12:54:04.716+0000] {task_command.py:423} INFO - Running <TaskInstance: setup_pagila_sakila.load_pagila_schema manual__2026-08-19T12:44:52.138619+00:00 [running]> on host 6a0c4989d770
[2026-08-19T12:54:04.792+0000] {taskinstance.py:2480} INFO - Exporting env vars: AIRFLOW_CTX_DAG_OWNER='z10n' AIRFLOW_CTX_DAG_ID='setup_pagila_sakila' AIRFLOW_CTX_TASK_ID='load_pagila_schema' AIRFLOW_CTX_EXECUTION_DATE='2026-08-19T12:44:52.138619+00:00' AIRFLOW_CTX_TRY_NUMBER='1' AIRFLOW_CTX_DAG_RUN_ID='manual__2026-08-19T12:44:52.138619+00:00'
[2026-08-19T12:54:04.809+0000] {taskinstance.py:2698} ERROR - Task failed with exception
Traceback (most recent call last):
  File "/home/airflow/.local/lib/python3.8/site-packages/airflow/models/taskinstance.py", line 433, in _execute_task
    result = execute_callable(context=context, **execute_callable_kwargs)
  File "/home/airflow/.local/lib/python3.8/site-packages/airflow/decorators/base.py", line 241, in execute
    return_value = super().execute(context)
  File "/home/airflow/.local/lib/python3.8/site-packages/airflow/operators/python.py", line 199, in execute
    return_value = self.execute_callable()
  File "/home/airflow/.local/lib/python3.8/site-packages/airflow/operators/python.py", line 216, in execute_callable
    return self.python_callable(*self.op_args, **self.op_kwargs)
  File "/opt/airflow/dags/setup_pagila_sakila.py", line 59, in load_pagila_schema
    hook.run(sql_content)
  File "/home/airflow/.local/lib/python3.8/site-packages/airflow/providers/common/sql/hooks/sql.py", line 391, in run
    with closing(self.get_conn()) as conn:
  File "/home/airflow/.local/lib/python3.8/site-packages/airflow/providers/postgres/hooks/postgres.py", line 128, in get_conn
    conn = deepcopy(self.connection or self.get_connection(conn_id))
  File "/home/airflow/.local/lib/python3.8/site-packages/airflow/hooks/base.py", line 82, in get_connection
    conn = Connection.get_connection_from_secrets(conn_id)
  File "/home/airflow/.local/lib/python3.8/site-packages/airflow/models/connection.py", line 479, in get_connection_from_secrets
    raise AirflowNotFoundException(f"The conn_id `{conn_id}` isn't defined")
airflow.exceptions.AirflowNotFoundException: The conn_id `postgres_pagila` isn't defined
[2026-08-19T12:54:04.813+0000] {taskinstance.py:1138} INFO - Marking task as UP_FOR_RETRY. dag_id=setup_pagila_sakila, task_id=load_pagila_schema, execution_date=20260819T124452, start_date=20260819T125404, end_date=20260819T125404
[2026-08-19T12:54:04.823+0000] {standard_task_runner.py:107} ERROR - Failed to execute job 8 for task load_pagila_schema (The conn_id `postgres_pagila` isn't defined; 332)
[2026-08-19T12:54:04.835+0000] {local_task_job_runner.py:234} INFO - Task exited with return code 1
[2026-08-19T12:54:04.855+0000] {taskinstance.py:3280} INFO - 0 downstream tasks scheduled from follow-on schedule check
